// Vitest Snapshot v1, https://vitest.dev/guide/snapshot.html

exports[`routes.ts URL surface > exposes a stable set of URLs 1`] = `
[
  "/ (index)",
  "/*",
  "/about",
  "/admin",
  "/admin (index)",
  "/admin/pages",
  "/admin/stats",
  "/admin/tags",
  "/analyze",
  "/api/admin/backfill-embeddings",
  "/api/agent/cat",
  "/api/agent/instructions",
  "/api/agent/log",
  "/api/agent/ls",
  "/api/agent/notes",
  "/api/agent/search",
  "/api/agent/sources",
  "/api/agent/sources/inline",
  "/api/archived",
  "/api/auth/*",
  "/api/cli/wiki/agents-md",
  "/api/cli/wiki/attachments/:attachmentId",
  "/api/cli/wiki/chat-senders",
  "/api/cli/wiki/snapshot",
  "/api/cli/wiki/sources",
  "/api/cli/wiki/sources/:documentId/content",
  "/api/cli/wiki/sync",
  "/api/cli/wiki/validate-acl",
  "/api/comments",
  "/api/discord/auth",
  "/api/discord/callback",
  "/api/discord/guilds",
  "/api/discord/guilds/:guildId/channels",
  "/api/favorites",
  "/api/fcm-tokens",
  "/api/google-chat/spaces",
  "/api/google-documents/import",
  "/api/google-documents/import/:jobId/status",
  "/api/google-documents/import/preview",
  "/api/google-documents/picker-token",
  "/api/google-drive/auth",
  "/api/google-drive/callback",
  "/api/images/*",
  "/api/ingest/:sessionId/clarify",
  "/api/ingest/:sessionId/commit",
  "/api/ingest/:sessionId/regenerate",
  "/api/ingest/:sessionId/select-urls",
  "/api/ingest/:sessionId/status",
  "/api/notifications",
  "/api/page-access/:pageId",
  "/api/pages/reorder",
  "/api/recent",
  "/api/set-content-lang",
  "/api/set-ui-lang",
  "/api/share-candidates",
  "/api/sources",
  "/api/sources/:id/archive",
  "/api/sources/:id/refresh",
  "/api/sources/:id/unarchive",
  "/api/sources/:id/visibility",
  "/api/tasks/:taskListId",
  "/api/tasks/:taskListId/:taskId",
  "/api/tasks/:taskListId/reorder",
  "/api/tasks/:taskListId/teams",
  "/api/users/search",
  "/api/wiki/:slug/upload-image",
  "/api/wiki/import-zip",
  "/api/wiki/import-zip/preview",
  "/archived",
  "/ingest",
  "/ingest/:sessionId",
  "/logout",
  "/og/wiki/:slug",
  "/privacy",
  "/recent",
  "/search",
  "/settings",
  "/signin",
  "/sources",
  "/tasks/:slug",
  "/tasks/:slug/history",
  "/tasks/:slug/settings",
  "/tasks/new",
  "/terms",
  "/wiki/*",
  "/wiki/:slug/edit",
  "/wiki/:slug/history",
  "/wiki/new",
]
`;
